// Jest Snapshot v1, https://goo.gl/fbAQLP

exports[`Redux store should dispatch createUser action 1`] = `
Array [
  Object {
    "type": "CREATE_USER",
    "user": Object {
      "id": 29500109,
      "login": "geraldgsh",
    },
  },
]
`;
